npm warn ERESOLVE overriding peer dependency
npm warn While resolving: @expo/browser-polyfill@1.0.1
npm warn Found: expo-file-system@19.0.21
npm warn node_modules/expo-file-system
npm warn   expo-file-system@"~19.0.21" from expo@54.0.33
npm warn   node_modules/expo
npm warn     expo@"~54.0.33" from the root project
npm warn     11 more (expo-asset, expo-constants, expo-file-system, expo-font, ...)
npm warn   2 more (expo-asset-utils, expo-three)
npm warn
npm warn Could not resolve dependency:
npm warn peer expo-file-system@"^13.2.0" from @expo/browser-polyfill@1.0.1
npm warn node_modules/expo-three/node_modules/@expo/browser-polyfill
npm warn   @expo/browser-polyfill@"^1.0.1" from expo-three@8.0.0
npm warn   node_modules/expo-three
npm warn
npm warn Conflicting peer dependency: expo-file-system@13.2.1
npm warn node_modules/expo-file-system
npm warn   peer expo-file-system@"^13.2.0" from @expo/browser-polyfill@1.0.1
npm warn   node_modules/expo-three/node_modules/@expo/browser-polyfill
npm warn     @expo/browser-polyfill@"^1.0.1" from expo-three@8.0.0
npm warn     node_modules/expo-three
npm warn ERESOLVE overriding peer dependency
npm warn While resolving: @expo/browser-polyfill@1.0.1
npm warn Found: react-native@0.81.5
npm warn node_modules/react-native
npm warn   react-native@"0.81.5" from the root project
npm warn   16 more (@expo/devtools, ...)
npm warn
npm warn Could not resolve dependency:
npm warn peer react-native@"^0.64.3" from @expo/browser-polyfill@1.0.1
npm warn node_modules/expo-three/node_modules/@expo/browser-polyfill
npm warn   @expo/browser-polyfill@"^1.0.1" from expo-three@8.0.0
npm warn   node_modules/expo-three
npm warn
npm warn Conflicting peer dependency: react-native@0.64.4
npm warn node_modules/react-native
npm warn   peer react-native@"^0.64.3" from @expo/browser-polyfill@1.0.1
npm warn   node_modules/expo-three/node_modules/@expo/browser-polyfill
npm warn     @expo/browser-polyfill@"^1.0.1" from expo-three@8.0.0
npm warn     node_modules/expo-three
npm warn deprecated inflight@1.0.6: This module is not supported, and leaks memory. Do not use it. Check out lru-cache if you want a good and tested way to coalesce async requests by a key value, which is much more comprehensive and powerful.
npm warn deprecated rimraf@3.0.2: Rimraf versions prior to v4 are no longer supported
npm warn deprecated glob@7.2.3: Old versions of glob are not supported, and contain widely publicized security vulnerabilities, which have been fixed in the current version. Please update. Support for old versions may be purchased (at exorbitant rates) by contacting i@izs.me
npm warn deprecated glob@7.2.3: Old versions of glob are not supported, and contain widely publicized security vulnerabilities, which have been fixed in the current version. Please update. Support for old versions may be purchased (at exorbitant rates) by contacting i@izs.me
npm warn deprecated glob@7.2.3: Old versions of glob are not supported, and contain widely publicized security vulnerabilities, which have been fixed in the current version. Please update. Support for old versions may be purchased (at exorbitant rates) by contacting i@izs.me
npm warn deprecated glob@7.2.3: Old versions of glob are not supported, and contain widely publicized security vulnerabilities, which have been fixed in the current version. Please update. Support for old versions may be purchased (at exorbitant rates) by contacting i@izs.me
npm warn deprecated domexception@1.0.1: Use your platform's native DOMException instead
npm warn deprecated text-encoding@0.7.0: no longer maintained
npm warn deprecated core-js@1.2.7: core-js@<3.23.3 is no longer maintained and not recommended for usage due to the number of issues. Because of the V8 engine whims, feature detection in old core-js versions could cause a slowdown up to 100x even if nothing is polyfilled. Some versions have web compatibility issues. Please, upgrade your dependencies to the actual version of core-js.

added 750 packages, and audited 751 packages in 26s

56 packages are looking for funding
  run `npm fund` for details

25 high severity vulnerabilities

To address issues that do not require attention, run:
  npm audit fix

To address all issues (including breaking changes), run:
  npm audit fix --force

Run `npm audit` for details.
